(brak przykładu dla /ekspert)
(brak przykładu dla /moje)
OK  start  (0 naruszeń, 26 reguł zaliczonych)
OK  problem  (0 naruszeń, 27 reguł zaliczonych)
OK  latwy  (0 naruszeń, 24 reguł zaliczonych)
OK  rozmowa  (0 naruszeń, 24 reguł zaliczonych)
OK  moje  (0 naruszeń, 27 reguł zaliczonych)
OK  pomysl  (0 naruszeń, 26 reguł zaliczonych)
OK  testy  (0 naruszeń, 27 reguł zaliczonych)
OK  rynek  (0 naruszeń, 27 reguł zaliczonych)
OK  wdrozenie  (0 naruszeń, 28 reguł zaliczonych)
OK  galeria  (0 naruszeń, 26 reguł zaliczonych)
OK  wiedza-biblioteka  (0 naruszeń, 28 reguł zaliczonych)
OK  wiedza-biblioteka-straznik  (0 naruszeń, 24 reguł zaliczonych)
OK  wiedza-malopolska  (0 naruszeń, 27 reguł zaliczonych)
OK  wiedza-powiat  (0 naruszeń, 24 reguł zaliczonych)
OK  wiedza-powiat-olkuski  (0 naruszeń, 27 reguł zaliczonych)
OK  wiedza-materialy  (0 naruszeń, 26 reguł zaliczonych)
OK  wiedza-materialy-7b2381c3ed665c63  (0 naruszeń, 25 reguł zaliczonych)
OK  wiedza-akademia  (0 naruszeń, 24 reguł zaliczonych)
OK  ocena  (0 naruszeń, 26 reguł zaliczonych)
OK  zaufanie  (0 naruszeń, 24 reguł zaliczonych)
OK  dostepnosc  (0 naruszeń, 25 reguł zaliczonych)
OK  centrala-logowanie  (0 naruszeń, 24 reguł zaliczonych)
OK  asystowane  (0 naruszeń, 27 reguł zaliczonych)
OK  integracje  (0 naruszeń, 28 reguł zaliczonych)
OK  siec  (0 naruszeń, 30 reguł zaliczonych)
OK  widzet?powiat=olkuski  (0 naruszeń, 22 reguł zaliczonych)
OK  centrala-zgloszenia  (0 naruszeń, 24 reguł zaliczonych)
OK  centrala-radar  (0 naruszeń, 28 reguł zaliczonych)
OK  centrala-pomysly  (0 naruszeń, 28 reguł zaliczonych)
OK  centrala-nabory  (0 naruszeń, 27 reguł zaliczonych)
OK  centrala-tresci  (0 naruszeń, 28 reguł zaliczonych)
OK  centrala-akademia  (0 naruszeń, 26 reguł zaliczonych)
OK  centrala-dane  (0 naruszeń, 26 reguł zaliczonych)
OK  centrala-powiadomienia  (0 naruszeń, 25 reguł zaliczonych)
OK  centrala-integracje  (0 naruszeń, 26 reguł zaliczonych)
OK  centrala-puls  (0 naruszeń, 24 reguł zaliczonych)
OK  ekspert  (0 naruszeń, 24 reguł zaliczonych)
OK  centrala-zgloszenia-aa92b9f0-daef-4ab1-a446-d22d5fddebf2  (0 naruszeń, 26 reguł zaliczonych)
OK  wiedza-akademia-czym-jest-innowacja-spoleczna  (0 naruszeń, 26 reguł zaliczonych)
OK  start-kontrast  (0 naruszeń, 26 reguł zaliczonych)
OK  problem-kontrast  (0 naruszeń, 26 reguł zaliczonych)
OK  latwy-kontrast  (0 naruszeń, 24 reguł zaliczonych)
OK  rozmowa-kontrast  (0 naruszeń, 24 reguł zaliczonych)
OK  moje-kontrast  (0 naruszeń, 27 reguł zaliczonych)
OK  pomysl-kontrast  (0 naruszeń, 26 reguł zaliczonych)
OK  testy-kontrast  (0 naruszeń, 27 reguł zaliczonych)
OK  rynek-kontrast  (0 naruszeń, 27 reguł zaliczonych)
OK  wdrozenie-kontrast  (0 naruszeń, 28 reguł zaliczonych)
OK  galeria-kontrast  (0 naruszeń, 26 reguł zaliczonych)
OK  wiedza-biblioteka-kontrast  (0 naruszeń, 28 reguł zaliczonych)
OK  wiedza-biblioteka-straznik-kontrast  (0 naruszeń, 24 reguł zaliczonych)
OK  wiedza-malopolska-kontrast  (0 naruszeń, 27 reguł zaliczonych)
OK  wiedza-powiat-kontrast  (0 naruszeń, 24 reguł zaliczonych)
OK  wiedza-powiat-olkuski-kontrast  (0 naruszeń, 27 reguł zaliczonych)
OK  wiedza-materialy-kontrast  (0 naruszeń, 26 reguł zaliczonych)
OK  wiedza-materialy-7b2381c3ed665c63-kontrast  (0 naruszeń, 25 reguł zaliczonych)
OK  wiedza-akademia-kontrast  (0 naruszeń, 24 reguł zaliczonych)
OK  ocena-kontrast  (0 naruszeń, 26 reguł zaliczonych)
OK  zaufanie-kontrast  (0 naruszeń, 24 reguł zaliczonych)
OK  dostepnosc-kontrast  (0 naruszeń, 25 reguł zaliczonych)
OK  centrala-logowanie-kontrast  (0 naruszeń, 24 reguł zaliczonych)
OK  asystowane-kontrast  (0 naruszeń, 27 reguł zaliczonych)
OK  integracje-kontrast  (0 naruszeń, 28 reguł zaliczonych)
OK  siec-kontrast  (0 naruszeń, 30 reguł zaliczonych)
OK  widzet?powiat=olkuski-kontrast  (0 naruszeń, 22 reguł zaliczonych)
OK  centrala-zgloszenia-kontrast  (0 naruszeń, 24 reguł zaliczonych)
OK  centrala-radar-kontrast  (0 naruszeń, 28 reguł zaliczonych)
OK  centrala-pomysly-kontrast  (0 naruszeń, 28 reguł zaliczonych)
OK  centrala-nabory-kontrast  (0 naruszeń, 27 reguł zaliczonych)
OK  centrala-tresci-kontrast  (0 naruszeń, 28 reguł zaliczonych)
OK  centrala-akademia-kontrast  (0 naruszeń, 26 reguł zaliczonych)
OK  centrala-dane-kontrast  (0 naruszeń, 26 reguł zaliczonych)
OK  centrala-powiadomienia-kontrast  (0 naruszeń, 25 reguł zaliczonych)
OK  centrala-integracje-kontrast  (0 naruszeń, 26 reguł zaliczonych)
OK  centrala-puls-kontrast  (0 naruszeń, 24 reguł zaliczonych)
OK  ekspert-kontrast  (0 naruszeń, 24 reguł zaliczonych)
OK  centrala-zgloszenia-aa92b9f0-daef-4ab1-a446-d22d5fddebf2-kontrast  (0 naruszeń, 26 reguł zaliczonych)
OK  wiedza-akademia-czym-jest-innowacja-spoleczna-kontrast  (0 naruszeń, 26 reguł zaliczonych)
OK  start-320  (0 naruszeń, 25 reguł zaliczonych)
OK  problem-320  (0 naruszeń, 26 reguł zaliczonych)
OK  latwy-320  (0 naruszeń, 23 reguł zaliczonych)
OK  rozmowa-320  (0 naruszeń, 23 reguł zaliczonych)
OK  moje-320  (0 naruszeń, 26 reguł zaliczonych)
OK  pomysl-320  (0 naruszeń, 25 reguł zaliczonych)
OK  testy-320  (0 naruszeń, 26 reguł zaliczonych)
OK  rynek-320  (0 naruszeń, 26 reguł zaliczonych)
OK  wdrozenie-320  (0 naruszeń, 27 reguł zaliczonych)
OK  galeria-320  (0 naruszeń, 25 reguł zaliczonych)
OK  wiedza-biblioteka-320  (0 naruszeń, 27 reguł zaliczonych)
OK  wiedza-biblioteka-straznik-320  (0 naruszeń, 24 reguł zaliczonych)
OK  wiedza-malopolska-320  (0 naruszeń, 27 reguł zaliczonych)
OK  wiedza-powiat-320  (0 naruszeń, 23 reguł zaliczonych)
OK  wiedza-powiat-olkuski-320  (0 naruszeń, 26 reguł zaliczonych)
OK  wiedza-materialy-320  (0 naruszeń, 26 reguł zaliczonych)
OK  wiedza-materialy-7b2381c3ed665c63-320  (0 naruszeń, 25 reguł zaliczonych)
OK  wiedza-akademia-320  (0 naruszeń, 24 reguł zaliczonych)
OK  ocena-320  (0 naruszeń, 26 reguł zaliczonych)
OK  zaufanie-320  (0 naruszeń, 23 reguł zaliczonych)
OK  dostepnosc-320  (0 naruszeń, 24 reguł zaliczonych)
OK  centrala-logowanie-320  (0 naruszeń, 23 reguł zaliczonych)
OK  asystowane-320  (0 naruszeń, 26 reguł zaliczonych)
OK  integracje-320  (0 naruszeń, 28 reguł zaliczonych)
OK  siec-320  (0 naruszeń, 29 reguł zaliczonych)
OK  widzet?powiat=olkuski-320  (0 naruszeń, 22 reguł zaliczonych)
OK  centrala-zgloszenia-320  (0 naruszeń, 23 reguł zaliczonych)
OK  centrala-radar-320  (0 naruszeń, 27 reguł zaliczonych)
OK  centrala-pomysly-320  (0 naruszeń, 27 reguł zaliczonych)
OK  centrala-nabory-320  (0 naruszeń, 26 reguł zaliczonych)
OK  centrala-tresci-320  (0 naruszeń, 27 reguł zaliczonych)
OK  centrala-akademia-320  (0 naruszeń, 25 reguł zaliczonych)
OK  centrala-dane-320  (0 naruszeń, 25 reguł zaliczonych)
OK  centrala-powiadomienia-320  (0 naruszeń, 24 reguł zaliczonych)
OK  centrala-integracje-320  (0 naruszeń, 25 reguł zaliczonych)
OK  centrala-puls-320  (0 naruszeń, 23 reguł zaliczonych)
OK  ekspert-320  (0 naruszeń, 23 reguł zaliczonych)
OK  centrala-zgloszenia-aa92b9f0-daef-4ab1-a446-d22d5fddebf2-320  (0 naruszeń, 25 reguł zaliczonych)
OK  wiedza-akademia-czym-jest-innowacja-spoleczna-320  (0 naruszeń, 25 reguł zaliczonych)

axe: 0 naruszeń na wszystkich stronach
