(brak przykładu dla /ekspert)
(brak przykładu dla /moje)
OK         / 320px
OK         /problem 320px
OK         /latwy 320px
OK         /rozmowa 320px
OK         /moje 320px
OK         /pomysl 320px
OK         /testy 320px
OK         /rynek 320px
OK         /wdrozenie 320px
OK         /galeria 320px
OK         /wiedza/biblioteka 320px
OK         /wiedza/biblioteka/straznik 320px
OK         /wiedza/malopolska 320px
OK         /wiedza/powiat 320px
OK         /wiedza/powiat/olkuski 320px
OK         /wiedza/materialy 320px
OK         /wiedza/materialy/7b2381c3ed665c63 320px
OK         /wiedza/akademia 320px
OK         /ocena 320px
OK         /zaufanie 320px
OK         /dostepnosc 320px
OK         /centrala/logowanie 320px
OK         /asystowane 320px
OK         /integracje 320px
OK         /siec 320px
OK         /widzet?powiat=olkuski 320px
OK         /centrala/zgloszenia 320px
OK         /centrala/radar 320px
OK         /centrala/pomysly 320px
OK         /centrala/nabory 320px
OK         /centrala/tresci 320px
OK         /centrala/akademia 320px
OK         /centrala/dane 320px
OK         /centrala/powiadomienia 320px
OK         /centrala/integracje 320px
OK         /centrala/puls 320px
OK         /ekspert 320px
OK         /centrala/zgloszenia/ed66bf2f-bf9b-4dd5-b9db-d43fc0d06984 320px
OK         /wiedza/akademia/czym-jest-innowacja-spoleczna 320px

320 px: brak przewijania poziomego
